---
source: src/tui.rs
expression: "format!(\"{:?}\", terminal.backend())"
---
TestBackend { buffer: Buffer {
    area: Rect { x: 0, y: 0, width: 120, height: 32 },
    content: [
        "┌Repos───────────────────────┐┌Chat────────────────────────────────────────────┐┌Active Repo───────────────────────────┐",
        "│    job_search [ready]      ││[user] 2026-04-23T11:59:00Z                     ││life_admin                            │",
        "│› * life_admin [ready]      ││show me my top 5 tasks                          ││status: ready                         │",
        "│    trader-bot [ready]      ││                                                ││/tmp/life_admin                       │",
        "│                            ││[assistant] 2026-04-23T11:59:03Z                │└──────────────────────────────────────┘",
        "│                            ││Top tasks loaded from life_admin.               │┌Counts────────────────────────────────┐",
        "│                 ┌Command Palette───────────────────────────────────────────────────────────────────┐                 │",
        "│                 │task                                                                              │                 │",
        "│                 └Type to filter  Enter run  Esc close──────────────────────────────────────────────┘                 │",
        "│                 ┌──────────────────────────────────────────────────────────────────────────────────┐                 │",
        "│                 │› task digest                                                                     │─────────────────┘",
        "│                 │  life_admin  Run `just task-digest`                                              │─────────────────┐",
        "│                 │  task list                                                                       │ions [open, high]│",
        "│                 │  life_admin  Run `just task-list`                                                │urgent]          │",
        "│                 │  task list                                                                       │locked, high]    │",
        "│                 │  life_admin  Run task-list                                                       │                 │",
        "│                 │  task digest                                                                     │─────────────────┘",
        "│                 │  life_admin  Run task-digest                                                     │─────────────────┐",
        "│                 │                                                                                  │ask-digest       │",
        "│                 │                                                                                  │k-list           │",
        "│                 │                                                                                  │ay               │",
        "│                 │                                                                                  │                 │",
        "│                 │                                                                                  │                 │",
        "│                 │                                                                                  │                 │",
        "│                 │                                                                                  │er run  Ctrl-P fu┘",
        "│                 └──────────────────────────────────────────────────────────────────────────────────┘─────────────────┐",
        "│                            │┌Input───────────────────────────────────────────┐│No coding-agent activity yet.         │",
        "│                            ││                                                ││                                      │",
        "│                            ││                                                ││                                      │",
        "│                            │└Type a message and press Enter  Ctrl-P palette──┘│                                      │",
        "│                            │──────────────────────────────────────────────────│                                      │",
        "└Up/Down navigate  Enter acti┘Command palette opened.                           └Live coding-agent run state───────────┘",
    ],
    styles: [
        x: 0, y: 0, fg: Reset, bg: Reset, underline: Reset, modifier: NONE,
        x: 31, y: 1, fg: Green, bg: Reset, underline: Reset, modifier: BOLD,
        x: 38, y: 1, fg: Reset, bg: Reset, underline: Reset, modifier: NONE,
        x: 81, y: 1, fg: Cyan, bg: Reset, underline: Reset, modifier: BOLD,
        x: 91, y: 1, fg: Reset, bg: Reset, underline: Reset, modifier: NONE,
        x: 1, y: 2, fg: White, bg: DarkGray, underline: Reset, modifier: BOLD,
        x: 29, y: 2, fg: Reset, bg: Reset, underline: Reset, modifier: NONE,
        x: 31, y: 4, fg: Cyan, bg: Reset, underline: Reset, modifier: BOLD,
        x: 43, y: 4, fg: Reset, bg: Reset, underline: Reset, modifier: NONE,
        x: 18, y: 6, fg: Yellow, bg: Reset, underline: Reset, modifier: NONE,
        x: 102, y: 6, fg: Reset, bg: Reset, underline: Reset, modifier: NONE,
        x: 18, y: 7, fg: Yellow, bg: Reset, underline: Reset, modifier: NONE,
        x: 19, y: 7, fg: Reset, bg: Reset, underline: Reset, modifier: NONE,
        x: 101, y: 7, fg: Yellow, bg: Reset, underline: Reset, modifier: NONE,
        x: 102, y: 7, fg: Reset, bg: Reset, underline: Reset, modifier: NONE,
        x: 18, y: 8, fg: Yellow, bg: Reset, underline: Reset, modifier: NONE,
        x: 19, y: 8, fg: DarkGray, bg: Reset, underline: Reset, modifier: NONE,
        x: 55, y: 8, fg: Yellow, bg: Reset, underline: Reset, modifier: NONE,
        x: 102, y: 8, fg: Reset, bg: Reset, underline: Reset, modifier: NONE,
        x: 19, y: 10, fg: White, bg: DarkGray, underline: Reset, modifier: BOLD,
        x: 101, y: 10, fg: Reset, bg: Reset, underline: Reset, modifier: NONE,
        x: 19, y: 11, fg: White, bg: DarkGray, underline: Reset, modifier: BOLD,
        x: 101, y: 11, fg: Reset, bg: Reset, underline: Reset, modifier: NONE,
        x: 21, y: 12, fg: Reset, bg: Reset, underline: Reset, modifier: BOLD,
        x: 30, y: 12, fg: Reset, bg: Reset, underline: Reset, modifier: NONE,
        x: 21, y: 14, fg: Reset, bg: Reset, underline: Reset, modifier: BOLD,
        x: 30, y: 14, fg: Reset, bg: Reset, underline: Reset, modifier: NONE,
        x: 21, y: 16, fg: Reset, bg: Reset, underline: Reset, modifier: BOLD,
        x: 32, y: 16, fg: Reset, bg: Reset, underline: Reset, modifier: NONE,
        x: 102, y: 18, fg: White, bg: DarkGray, underline: Reset, modifier: BOLD,
        x: 119, y: 18, fg: Reset, bg: Reset, underline: Reset, modifier: NONE,
        x: 102, y: 24, fg: DarkGray, bg: Reset, underline: Reset, modifier: NONE,
        x: 119, y: 24, fg: Reset, bg: Reset, underline: Reset, modifier: NONE,
        x: 31, y: 29, fg: DarkGray, bg: Reset, underline: Reset, modifier: NONE,
        x: 77, y: 29, fg: Reset, bg: Reset, underline: Reset, modifier: NONE,
        x: 30, y: 30, fg: Gray, bg: Reset, underline: Reset, modifier: NONE,
        x: 80, y: 30, fg: Reset, bg: Reset, underline: Reset, modifier: NONE,
        x: 1, y: 31, fg: DarkGray, bg: Reset, underline: Reset, modifier: NONE,
        x: 29, y: 31, fg: Reset, bg: Reset, underline: Reset, modifier: NONE,
        x: 30, y: 31, fg: Gray, bg: Reset, underline: Reset, modifier: NONE,
        x: 80, y: 31, fg: Reset, bg: Reset, underline: Reset, modifier: NONE,
        x: 81, y: 31, fg: DarkGray, bg: Reset, underline: Reset, modifier: NONE,
        x: 108, y: 31, fg: Reset, bg: Reset, underline: Reset, modifier: NONE,
    ]
}, scrollback: Buffer {
    area: Rect { x: 0, y: 0, width: 120, height: 0 }
}, cursor: false, pos: (0, 0) }
