---
source: src/tui.rs
expression: "format!(\"{:?}\", terminal.backend())"
---
TestBackend { buffer: Buffer {
    area: Rect { x: 0, y: 0, width: 120, height: 32 },
    content: [
        "┌Repos───────────────────────┐┌Chat────────────────────────────────────────────┐┌Active Repo───────────────────────────┐",
        "│    job_search [ready]      ││[user] 2026-04-23T11:59:00Z                     ││life_admin                            │",
        "│› * life_admin [ready]      ││show me my top 5 tasks                          ││status: ready                         │",
        "│    trader-bot [ready]      ││                                                ││/tmp/life_admin                       │",
        "│                            ││[assistant] 2026-04-23T11:59:03Z                │└──────────────────────────────────────┘",
        "│                            ││Top tasks loaded from life_admin.               │┌Counts────────────────────────────────┐",
        "│                            ││                                                ││urgent: 2                             │",
        "│                            ││                                                ││high: 4                               │",
        "│                            ││                                                ││medium: 7                             │",
        "│                            ││                                                ││low: 3                                │",
        "│                            ││                                                │└──────────────────────────────────────┘",
        "│                            ││                                                │┌Top Tasks─────────────────────────────┐",
        "│                            ││                                                ││Review healthcare options [open, high]│",
        "│                            ││                                                ││Renew license [open, urgent]          │",
        "│                            ││                                                ││Send tax documents [blocked, high]    │",
        "│                            ││                                                ││                                      │",
        "│                            ││                                                │└──────────────────────────────────────┘",
        "│                            ││                                                │┌Quick Actions─────────────────────────┐",
        "│                            ││                                                ││  task digest  just task-digest       │",
        "│                            ││                                                ││› task list  just task-list           │",
        "│                            ││                                                ││  today  just cal-today               │",
        "│                            ││                                                ││                                      │",
        "│                            ││                                                ││                                      │",
        "│                            ││                                                ││                                      │",
        "│                            ││                                                │└Up/Down navigate  Enter run  Ctrl-P fu┘",
        "│                            │└Conversation history and command output─────────┘┌Agent Activity────────────────────────┐",
        "│                            │┌Input───────────────────────────────────────────┐│backend: codex                        │",
        "│                            ││                                                ││status: running                       │",
        "│                            ││                                                ││target: life_admin                    │",
        "│                            │└Type a message and press Enter  Ctrl-P palette──┘│stdout: Opened adapter metadata       │",
        "│                            │──────────────────────────────────────────────────│stdout: Adjusted quick actions        │",
        "└Up/Down navigate  Enter acti┘Ready. Tab switches focus. Enter selects or runs. └Live coding-agent run state───────────┘",
    ],
    styles: [
        x: 0, y: 0, fg: Yellow, bg: Reset, underline: Reset, modifier: NONE,
        x: 30, y: 0, fg: Reset, bg: Reset, underline: Reset, modifier: NONE,
        x: 0, y: 1, fg: Yellow, bg: Reset, underline: Reset, modifier: NONE,
        x: 1, y: 1, fg: Reset, bg: Reset, underline: Reset, modifier: NONE,
        x: 29, y: 1, fg: Yellow, bg: Reset, underline: Reset, modifier: NONE,
        x: 30, y: 1, fg: Reset, bg: Reset, underline: Reset, modifier: NONE,
        x: 31, y: 1, fg: Green, bg: Reset, underline: Reset, modifier: BOLD,
        x: 38, y: 1, fg: Reset, bg: Reset, underline: Reset, modifier: NONE,
        x: 81, y: 1, fg: Cyan, bg: Reset, underline: Reset, modifier: BOLD,
        x: 91, y: 1, fg: Reset, bg: Reset, underline: Reset, modifier: NONE,
        x: 0, y: 2, fg: Yellow, bg: Reset, underline: Reset, modifier: NONE,
        x: 1, y: 2, fg: White, bg: DarkGray, underline: Reset, modifier: BOLD,
        x: 29, y: 2, fg: Yellow, bg: Reset, underline: Reset, modifier: NONE,
        x: 30, y: 2, fg: Reset, bg: Reset, underline: Reset, modifier: NONE,
        x: 0, y: 3, fg: Yellow, bg: Reset, underline: Reset, modifier: NONE,
        x: 1, y: 3, fg: Reset, bg: Reset, underline: Reset, modifier: NONE,
        x: 29, y: 3, fg: Yellow, bg: Reset, underline: Reset, modifier: NONE,
        x: 30, y: 3, fg: Reset, bg: Reset, underline: Reset, modifier: NONE,
        x: 0, y: 4, fg: Yellow, bg: Reset, underline: Reset, modifier: NONE,
        x: 1, y: 4, fg: Reset, bg: Reset, underline: Reset, modifier: NONE,
        x: 29, y: 4, fg: Yellow, bg: Reset, underline: Reset, modifier: NONE,
        x: 30, y: 4, fg: Reset, bg: Reset, underline: Reset, modifier: NONE,
        x: 31, y: 4, fg: Cyan, bg: Reset, underline: Reset, modifier: BOLD,
        x: 43, y: 4, fg: Reset, bg: Reset, underline: Reset, modifier: NONE,
        x: 0, y: 5, fg: Yellow, bg: Reset, underline: Reset, modifier: NONE,
        x: 1, y: 5, fg: Reset, bg: Reset, underline: Reset, modifier: NONE,
        x: 29, y: 5, fg: Yellow, bg: Reset, underline: Reset, modifier: NONE,
        x: 30, y: 5, fg: Reset, bg: Reset, underline: Reset, modifier: NONE,
        x: 0, y: 6, fg: Yellow, bg: Reset, underline: Reset, modifier: NONE,
        x: 1, y: 6, fg: Reset, bg: Reset, underline: Reset, modifier: NONE,
        x: 29, y: 6, fg: Yellow, bg: Reset, underline: Reset, modifier: NONE,
        x: 30, y: 6, fg: Reset, bg: Reset, underline: Reset, modifier: NONE,
        x: 0, y: 7, fg: Yellow, bg: Reset, underline: Reset, modifier: NONE,
        x: 1, y: 7, fg: Reset, bg: Reset, underline: Reset, modifier: NONE,
        x: 29, y: 7, fg: Yellow, bg: Reset, underline: Reset, modifier: NONE,
        x: 30, y: 7, fg: Reset, bg: Reset, underline: Reset, modifier: NONE,
        x: 0, y: 8, fg: Yellow, bg: Reset, underline: Reset, modifier: NONE,
        x: 1, y: 8, fg: Reset, bg: Reset, underline: Reset, modifier: NONE,
        x: 29, y: 8, fg: Yellow, bg: Reset, underline: Reset, modifier: NONE,
        x: 30, y: 8, fg: Reset, bg: Reset, underline: Reset, modifier: NONE,
        x: 0, y: 9, fg: Yellow, bg: Reset, underline: Reset, modifier: NONE,
        x: 1, y: 9, fg: Reset, bg: Reset, underline: Reset, modifier: NONE,
        x: 29, y: 9, fg: Yellow, bg: Reset, underline: Reset, modifier: NONE,
        x: 30, y: 9, fg: Reset, bg: Reset, underline: Reset, modifier: NONE,
        x: 0, y: 10, fg: Yellow, bg: Reset, underline: Reset, modifier: NONE,
        x: 1, y: 10, fg: Reset, bg: Reset, underline: Reset, modifier: NONE,
        x: 29, y: 10, fg: Yellow, bg: Reset, underline: Reset, modifier: NONE,
        x: 30, y: 10, fg: Reset, bg: Reset, underline: Reset, modifier: NONE,
        x: 0, y: 11, fg: Yellow, bg: Reset, underline: Reset, modifier: NONE,
        x: 1, y: 11, fg: Reset, bg: Reset, underline: Reset, modifier: NONE,
        x: 29, y: 11, fg: Yellow, bg: Reset, underline: Reset, modifier: NONE,
        x: 30, y: 11, fg: Reset, bg: Reset, underline: Reset, modifier: NONE,
        x: 0, y: 12, fg: Yellow, bg: Reset, underline: Reset, modifier: NONE,
        x: 1, y: 12, fg: Reset, bg: Reset, underline: Reset, modifier: NONE,
        x: 29, y: 12, fg: Yellow, bg: Reset, underline: Reset, modifier: NONE,
        x: 30, y: 12, fg: Reset, bg: Reset, underline: Reset, modifier: NONE,
        x: 0, y: 13, fg: Yellow, bg: Reset, underline: Reset, modifier: NONE,
        x: 1, y: 13, fg: Reset, bg: Reset, underline: Reset, modifier: NONE,
        x: 29, y: 13, fg: Yellow, bg: Reset, underline: Reset, modifier: NONE,
        x: 30, y: 13, fg: Reset, bg: Reset, underline: Reset, modifier: NONE,
        x: 0, y: 14, fg: Yellow, bg: Reset, underline: Reset, modifier: NONE,
        x: 1, y: 14, fg: Reset, bg: Reset, underline: Reset, modifier: NONE,
        x: 29, y: 14, fg: Yellow, bg: Reset, underline: Reset, modifier: NONE,
        x: 30, y: 14, fg: Reset, bg: Reset, underline: Reset, modifier: NONE,
        x: 0, y: 15, fg: Yellow, bg: Reset, underline: Reset, modifier: NONE,
        x: 1, y: 15, fg: Reset, bg: Reset, underline: Reset, modifier: NONE,
        x: 29, y: 15, fg: Yellow, bg: Reset, underline: Reset, modifier: NONE,
        x: 30, y: 15, fg: Reset, bg: Reset, underline: Reset, modifier: NONE,
        x: 0, y: 16, fg: Yellow, bg: Reset, underline: Reset, modifier: NONE,
        x: 1, y: 16, fg: Reset, bg: Reset, underline: Reset, modifier: NONE,
        x: 29, y: 16, fg: Yellow, bg: Reset, underline: Reset, modifier: NONE,
        x: 30, y: 16, fg: Reset, bg: Reset, underline: Reset, modifier: NONE,
        x: 0, y: 17, fg: Yellow, bg: Reset, underline: Reset, modifier: NONE,
        x: 1, y: 17, fg: Reset, bg: Reset, underline: Reset, modifier: NONE,
        x: 29, y: 17, fg: Yellow, bg: Reset, underline: Reset, modifier: NONE,
        x: 30, y: 17, fg: Reset, bg: Reset, underline: Reset, modifier: NONE,
        x: 0, y: 18, fg: Yellow, bg: Reset, underline: Reset, modifier: NONE,
        x: 1, y: 18, fg: Reset, bg: Reset, underline: Reset, modifier: NONE,
        x: 29, y: 18, fg: Yellow, bg: Reset, underline: Reset, modifier: NONE,
        x: 30, y: 18, fg: Reset, bg: Reset, underline: Reset, modifier: NONE,
        x: 0, y: 19, fg: Yellow, bg: Reset, underline: Reset, modifier: NONE,
        x: 1, y: 19, fg: Reset, bg: Reset, underline: Reset, modifier: NONE,
        x: 29, y: 19, fg: Yellow, bg: Reset, underline: Reset, modifier: NONE,
        x: 30, y: 19, fg: Reset, bg: Reset, underline: Reset, modifier: NONE,
        x: 81, y: 19, fg: White, bg: DarkGray, underline: Reset, modifier: BOLD,
        x: 119, y: 19, fg: Reset, bg: Reset, underline: Reset, modifier: NONE,
        x: 0, y: 20, fg: Yellow, bg: Reset, underline: Reset, modifier: NONE,
        x: 1, y: 20, fg: Reset, bg: Reset, underline: Reset, modifier: NONE,
        x: 29, y: 20, fg: Yellow, bg: Reset, underline: Reset, modifier: NONE,
        x: 30, y: 20, fg: Reset, bg: Reset, underline: Reset, modifier: NONE,
        x: 0, y: 21, fg: Yellow, bg: Reset, underline: Reset, modifier: NONE,
        x: 1, y: 21, fg: Reset, bg: Reset, underline: Reset, modifier: NONE,
        x: 29, y: 21, fg: Yellow, bg: Reset, underline: Reset, modifier: NONE,
        x: 30, y: 21, fg: Reset, bg: Reset, underline: Reset, modifier: NONE,
        x: 0, y: 22, fg: Yellow, bg: Reset, underline: Reset, modifier: NONE,
        x: 1, y: 22, fg: Reset, bg: Reset, underline: Reset, modifier: NONE,
        x: 29, y: 22, fg: Yellow, bg: Reset, underline: Reset, modifier: NONE,
        x: 30, y: 22, fg: Reset, bg: Reset, underline: Reset, modifier: NONE,
        x: 0, y: 23, fg: Yellow, bg: Reset, underline: Reset, modifier: NONE,
        x: 1, y: 23, fg: Reset, bg: Reset, underline: Reset, modifier: NONE,
        x: 29, y: 23, fg: Yellow, bg: Reset, underline: Reset, modifier: NONE,
        x: 30, y: 23, fg: Reset, bg: Reset, underline: Reset, modifier: NONE,
        x: 0, y: 24, fg: Yellow, bg: Reset, underline: Reset, modifier: NONE,
        x: 1, y: 24, fg: Reset, bg: Reset, underline: Reset, modifier: NONE,
        x: 29, y: 24, fg: Yellow, bg: Reset, underline: Reset, modifier: NONE,
        x: 30, y: 24, fg: Reset, bg: Reset, underline: Reset, modifier: NONE,
        x: 81, y: 24, fg: DarkGray, bg: Reset, underline: Reset, modifier: NONE,
        x: 119, y: 24, fg: Reset, bg: Reset, underline: Reset, modifier: NONE,
        x: 0, y: 25, fg: Yellow, bg: Reset, underline: Reset, modifier: NONE,
        x: 1, y: 25, fg: Reset, bg: Reset, underline: Reset, modifier: NONE,
        x: 29, y: 25, fg: Yellow, bg: Reset, underline: Reset, modifier: NONE,
        x: 30, y: 25, fg: Reset, bg: Reset, underline: Reset, modifier: NONE,
        x: 31, y: 25, fg: DarkGray, bg: Reset, underline: Reset, modifier: NONE,
        x: 70, y: 25, fg: Reset, bg: Reset, underline: Reset, modifier: NONE,
        x: 0, y: 26, fg: Yellow, bg: Reset, underline: Reset, modifier: NONE,
        x: 1, y: 26, fg: Reset, bg: Reset, underline: Reset, modifier: NONE,
        x: 29, y: 26, fg: Yellow, bg: Reset, underline: Reset, modifier: NONE,
        x: 30, y: 26, fg: Reset, bg: Reset, underline: Reset, modifier: NONE,
        x: 0, y: 27, fg: Yellow, bg: Reset, underline: Reset, modifier: NONE,
        x: 1, y: 27, fg: Reset, bg: Reset, underline: Reset, modifier: NONE,
        x: 29, y: 27, fg: Yellow, bg: Reset, underline: Reset, modifier: NONE,
        x: 30, y: 27, fg: Reset, bg: Reset, underline: Reset, modifier: NONE,
        x: 0, y: 28, fg: Yellow, bg: Reset, underline: Reset, modifier: NONE,
        x: 1, y: 28, fg: Reset, bg: Reset, underline: Reset, modifier: NONE,
        x: 29, y: 28, fg: Yellow, bg: Reset, underline: Reset, modifier: NONE,
        x: 30, y: 28, fg: Reset, bg: Reset, underline: Reset, modifier: NONE,
        x: 0, y: 29, fg: Yellow, bg: Reset, underline: Reset, modifier: NONE,
        x: 1, y: 29, fg: Reset, bg: Reset, underline: Reset, modifier: NONE,
        x: 29, y: 29, fg: Yellow, bg: Reset, underline: Reset, modifier: NONE,
        x: 30, y: 29, fg: Reset, bg: Reset, underline: Reset, modifier: NONE,
        x: 31, y: 29, fg: DarkGray, bg: Reset, underline: Reset, modifier: NONE,
        x: 77, y: 29, fg: Reset, bg: Reset, underline: Reset, modifier: NONE,
        x: 0, y: 30, fg: Yellow, bg: Reset, underline: Reset, modifier: NONE,
        x: 1, y: 30, fg: Reset, bg: Reset, underline: Reset, modifier: NONE,
        x: 29, y: 30, fg: Yellow, bg: Reset, underline: Reset, modifier: NONE,
        x: 30, y: 30, fg: Gray, bg: Reset, underline: Reset, modifier: NONE,
        x: 80, y: 30, fg: Reset, bg: Reset, underline: Reset, modifier: NONE,
        x: 0, y: 31, fg: Yellow, bg: Reset, underline: Reset, modifier: NONE,
        x: 1, y: 31, fg: DarkGray, bg: Reset, underline: Reset, modifier: NONE,
        x: 29, y: 31, fg: Yellow, bg: Reset, underline: Reset, modifier: NONE,
        x: 30, y: 31, fg: Gray, bg: Reset, underline: Reset, modifier: NONE,
        x: 80, y: 31, fg: Reset, bg: Reset, underline: Reset, modifier: NONE,
        x: 81, y: 31, fg: DarkGray, bg: Reset, underline: Reset, modifier: NONE,
        x: 108, y: 31, fg: Reset, bg: Reset, underline: Reset, modifier: NONE,
    ]
}, scrollback: Buffer {
    area: Rect { x: 0, y: 0, width: 120, height: 0 }
}, cursor: false, pos: (0, 0) }
